=============================
🔍 Verificación de integridad: 2025-11-07 18:00:11
=============================
/var/www/html/public/css/add_item.css: OK
/var/www/html/public/css/delete_item.css: OK
/var/www/html/public/css/fontawesome-libreriaexterna.css: OK
/var/www/html/public/css/index.css: OK
/var/www/html/public/css/items.css: OK
/var/www/html/public/css/login.css: OK
/var/www/html/public/css/modify_item.css: OK
/var/www/html/public/css/modify_user.css: OK
/var/www/html/public/css/register.css: OK
/var/www/html/public/css/show_item.css: OK
/var/www/html/public/css/show_user.css: OK
/var/www/html/public/js/add_item.js: OK
/var/www/html/public/js/delete_item.js: OK
/var/www/html/public/js/items.js: OK
/var/www/html/public/js/login.js: OK
/var/www/html/public/js/modify_item.js: OK
/var/www/html/public/js/modify_user.js: OK
/var/www/html/public/js/register.js: OK
✅ VERIFICACIÓN OK: todos los archivos coinciden.
=============================
🔍 Verificación de integridad: 2025-11-07 18:04:44
=============================
/var/www/html/public/css/add_item.css: OK
/var/www/html/public/css/delete_item.css: OK
/var/www/html/public/css/fontawesome-libreriaexterna.css: OK
/var/www/html/public/css/index.css: OK
/var/www/html/public/css/items.css: OK
/var/www/html/public/css/login.css: OK
/var/www/html/public/css/modify_item.css: OK
/var/www/html/public/css/modify_user.css: OK
/var/www/html/public/css/register.css: OK
/var/www/html/public/css/show_item.css: OK
/var/www/html/public/css/show_user.css: OK
/var/www/html/public/js/add_item.js: OK
/var/www/html/public/js/delete_item.js: OK
/var/www/html/public/js/items.js: OK
/var/www/html/public/js/login.js: OK
/var/www/html/public/js/modify_item.js: OK
/var/www/html/public/js/modify_user.js: OK
/var/www/html/public/js/register.js: OK
✅ VERIFICACIÓN OK: todos los archivos coinciden.
=============================
🔍 Verificación de integridad: 2025-11-07 18:08:15
=============================
/var/www/html/public/css/add_item.css: OK
/var/www/html/public/css/delete_item.css: OK
/var/www/html/public/css/fontawesome-libreriaexterna.css: OK
/var/www/html/public/css/index.css: OK
/var/www/html/public/css/items.css: OK
/var/www/html/public/css/login.css: OK
/var/www/html/public/css/modify_item.css: OK
/var/www/html/public/css/modify_user.css: OK
/var/www/html/public/css/register.css: OK
/var/www/html/public/css/show_item.css: OK
/var/www/html/public/css/show_user.css: OK
/var/www/html/public/js/add_item.js: OK
/var/www/html/public/js/delete_item.js: OK
/var/www/html/public/js/items.js: OK
/var/www/html/public/js/login.js: OK
/var/www/html/public/js/modify_item.js: OK
/var/www/html/public/js/modify_user.js: OK
/var/www/html/public/js/register.js: OK
✅ VERIFICACIÓN OK: todos los archivos coinciden.
=============================
🔍 Verificación de integridad: 2025-11-07 18:16:05
=============================
/var/www/html/public/css/add_item.css: OK
/var/www/html/public/css/delete_item.css: OK
/var/www/html/public/css/fontawesome-libreriaexterna.css: OK
/var/www/html/public/css/index.css: OK
/var/www/html/public/css/items.css: OK
/var/www/html/public/css/login.css: OK
/var/www/html/public/css/modify_item.css: OK
/var/www/html/public/css/modify_user.css: OK
/var/www/html/public/css/register.css: OK
/var/www/html/public/css/show_item.css: OK
/var/www/html/public/css/show_user.css: OK
/var/www/html/public/js/add_item.js: OK
/var/www/html/public/js/delete_item.js: OK
/var/www/html/public/js/items.js: OK
/var/www/html/public/js/login.js: OK
/var/www/html/public/js/modify_item.js: OK
/var/www/html/public/js/modify_user.js: OK
/var/www/html/public/js/register.js: OK
✅ VERIFICACIÓN OK: todos los archivos coinciden.
