[07-Nov-2025 12:10:51 UTC] PHP Warning:  session_set_cookie_params(): Session cookie parameters cannot be changed after headers have already been sent in /home/lucia/PodcastSGSSI/app/config.php on line 35
[07-Nov-2025 12:10:51 UTC] PHP Warning:  ini_set(): Session ini settings cannot be changed after headers have already been sent in /home/lucia/PodcastSGSSI/app/config.php on line 49
[07-Nov-2025 12:10:51 UTC] PHP Warning:  session_start(): Session cannot be started after headers have already been sent in /home/lucia/PodcastSGSSI/app/config.php on line 52
[07-Nov-2025 12:10:51 UTC] PHP Warning:  Cannot modify header information - headers already sent by (output started at /home/lucia/PodcastSGSSI/app/logger.php:1) in /home/lucia/PodcastSGSSI/app/config.php on line 55
[07-Nov-2025 12:10:51 UTC] PHP Warning:  Cannot modify header information - headers already sent by (output started at /home/lucia/PodcastSGSSI/app/logger.php:1) in /home/lucia/PodcastSGSSI/app/config.php on line 56
[07-Nov-2025 12:10:51 UTC] PHP Warning:  Cannot modify header information - headers already sent by (output started at /home/lucia/PodcastSGSSI/app/logger.php:1) in /home/lucia/PodcastSGSSI/app/config.php on line 57
[07-Nov-2025 12:10:51 UTC] PHP Warning:  Cannot modify header information - headers already sent by (output started at /home/lucia/PodcastSGSSI/app/logger.php:1) in /home/lucia/PodcastSGSSI/app/config.php on line 58
[07-Nov-2025 12:10:51 UTC] PHP Warning:  Advertencia de prueba desde test_log.php in /home/lucia/PodcastSGSSI/app/test_log.php on line 5
[07-Nov-2025 12:10:51 UTC] PHP Fatal error:  Uncaught Exception: Excepción de prueba desde test_log.php in /home/lucia/PodcastSGSSI/app/test_log.php:8
Stack trace:
#0 {main}
  thrown in /home/lucia/PodcastSGSSI/app/test_log.php on line 8
[07-Nov-2025 12:14:59 UTC] PHP Fatal error:  Uncaught TypeError: set_exception_handler(): Argument #1 ($callback) must be a valid callback or null, function "app_exception_handler" not found or invalid function name in /home/lucia/PodcastSGSSI/app/logger.php:64
Stack trace:
#0 /home/lucia/PodcastSGSSI/app/logger.php(64): set_exception_handler()
#1 /home/lucia/PodcastSGSSI/app/config.php(30): require_once('...')
#2 /home/lucia/PodcastSGSSI/app/test_log.php(2): require_once('...')
#3 {main}
  thrown in /home/lucia/PodcastSGSSI/app/logger.php on line 64
[07-Nov-2025 12:24:24 UTC] Logger cargado correctamente
[07-Nov-2025 12:24:24 UTC] {"time":"2025-11-07T12:24:24+00:00","level":"ERROR","message":"Advertencia de prueba desde test_log.php","context":{"file":"/home/lucia/PodcastSGSSI/app/test_log.php","line":5}}

[07-Nov-2025 12:24:24 UTC] Excepción capturada: Excepción de prueba desde test_log.php
